2026-09-13 19:02:13.582: [INFO] CurrentProfilePath: D:\Проекты\BunnyBlack-main\bin\Debug\net8.0-windows\win-x64\BunnyBlack.exe.WebView2\EBWebView\Default
2026-09-13 19:02:13.582: [INFO] Profiles total count: 1
2026-09-13 19:02:13.582: [INFO] Profile: name=Профиль 1 path=D:\Проекты\BunnyBlack-main\bin\Debug\net8.0-windows\win-x64\BunnyBlack.exe.WebView2\EBWebView\Default lastActive=null
2026-09-13 19:02:13.582: [INFO] LastUsedProfileDir: D:\Проекты\BunnyBlack-main\bin\Debug\net8.0-windows\win-x64\BunnyBlack.exe.WebView2\EBWebView\Default
2026-09-13 19:02:13.582: [INFO] OnDoneLoading sync enabled: 0
2026-09-13 19:02:13.582: [INFO] BookmarkModelLoaded, ids_reassigned: 0
2026-09-13 19:02:13.582: [INFO] BookmarksLoadDropped droppedNodes=0
2026-09-13 19:02:13.582: [INFO] BookmarksSnapshot Startup total=0 bar=0 other=0 mobile=0 showBar=0 showBarNTP=1
2026-09-13 19:09:02.694: [INFO] BookmarksSnapshot Shutdown total=0 bar=0 other=0 mobile=0 showBar=0 showBarNTP=1
2026-09-13 19:09:34.530: [INFO] CurrentProfilePath: D:\Проекты\BunnyBlack-main\bin\Debug\net8.0-windows\win-x64\BunnyBlack.exe.WebView2\EBWebView\Default
2026-09-13 19:09:34.530: [INFO] Profiles total count: 1
2026-09-13 19:09:34.530: [INFO] Profile: name=Профиль 1 path=D:\Проекты\BunnyBlack-main\bin\Debug\net8.0-windows\win-x64\BunnyBlack.exe.WebView2\EBWebView\Default lastActive=null
2026-09-13 19:09:34.530: [INFO] LastUsedProfileDir: D:\Проекты\BunnyBlack-main\bin\Debug\net8.0-windows\win-x64\BunnyBlack.exe.WebView2\EBWebView\Default
2026-09-13 19:09:34.530: [INFO] OnDoneLoading sync enabled: 0
2026-09-13 19:09:34.530: [INFO] BookmarkModelLoaded, ids_reassigned: 0
2026-09-13 19:09:34.530: [INFO] BookmarksLoadDropped droppedNodes=0
2026-09-13 19:09:34.530: [INFO] BookmarksSnapshot Startup total=0 bar=0 other=0 mobile=0 showBar=0 showBarNTP=1
2026-09-13 19:12:50.896: [INFO] BookmarksSnapshot Shutdown total=0 bar=0 other=0 mobile=0 showBar=0 showBarNTP=1
2026-09-13 19:15:39.845: [INFO] CurrentProfilePath: D:\Проекты\BunnyBlack-main\bin\Debug\net8.0-windows\win-x64\BunnyBlack.exe.WebView2\EBWebView\Default
2026-09-13 19:15:39.845: [INFO] Profiles total count: 1
2026-09-13 19:15:39.845: [INFO] Profile: name=Профиль 1 path=D:\Проекты\BunnyBlack-main\bin\Debug\net8.0-windows\win-x64\BunnyBlack.exe.WebView2\EBWebView\Default lastActive=null
2026-09-13 19:15:39.845: [INFO] LastUsedProfileDir: D:\Проекты\BunnyBlack-main\bin\Debug\net8.0-windows\win-x64\BunnyBlack.exe.WebView2\EBWebView\Default
2026-09-13 19:15:39.845: [INFO] OnDoneLoading sync enabled: 0
2026-09-13 19:15:39.845: [INFO] BookmarkModelLoaded, ids_reassigned: 0
2026-09-13 19:15:39.845: [INFO] BookmarksLoadDropped droppedNodes=0
2026-09-13 19:15:39.845: [INFO] BookmarksSnapshot Startup total=0 bar=0 other=0 mobile=0 showBar=0 showBarNTP=1
2026-09-13 19:17:50.811: [INFO] BookmarksSnapshot Shutdown total=0 bar=0 other=0 mobile=0 showBar=0 showBarNTP=1
2026-09-13 19:17:57.049: [INFO] CurrentProfilePath: D:\Проекты\BunnyBlack-main\bin\Debug\net8.0-windows\win-x64\BunnyBlack.exe.WebView2\EBWebView\Default
2026-09-13 19:17:57.049: [INFO] Profiles total count: 1
2026-09-13 19:17:57.049: [INFO] Profile: name=Профиль 1 path=D:\Проекты\BunnyBlack-main\bin\Debug\net8.0-windows\win-x64\BunnyBlack.exe.WebView2\EBWebView\Default lastActive=null
2026-09-13 19:17:57.049: [INFO] LastUsedProfileDir: D:\Проекты\BunnyBlack-main\bin\Debug\net8.0-windows\win-x64\BunnyBlack.exe.WebView2\EBWebView\Default
2026-09-13 19:17:57.049: [INFO] OnDoneLoading sync enabled: 0
2026-09-13 19:17:57.049: [INFO] BookmarkModelLoaded, ids_reassigned: 0
2026-09-13 19:17:57.049: [INFO] BookmarksLoadDropped droppedNodes=0
2026-09-13 19:17:57.049: [INFO] BookmarksSnapshot Startup total=0 bar=0 other=0 mobile=0 showBar=0 showBarNTP=1
2026-09-13 19:28:50.636: [INFO] BookmarksSnapshot Shutdown total=0 bar=0 other=0 mobile=0 showBar=0 showBarNTP=1
2026-09-13 19:32:38.028: [INFO] CurrentProfilePath: D:\Проекты\BunnyBlack-main\bin\Debug\net8.0-windows\win-x64\BunnyBlack.exe.WebView2\EBWebView\Default
2026-09-13 19:32:38.028: [INFO] Profiles total count: 1
2026-09-13 19:32:38.028: [INFO] Profile: name=Профиль 1 path=D:\Проекты\BunnyBlack-main\bin\Debug\net8.0-windows\win-x64\BunnyBlack.exe.WebView2\EBWebView\Default lastActive=null
2026-09-13 19:32:38.028: [INFO] LastUsedProfileDir: D:\Проекты\BunnyBlack-main\bin\Debug\net8.0-windows\win-x64\BunnyBlack.exe.WebView2\EBWebView\Default
2026-09-13 19:32:38.028: [INFO] OnDoneLoading sync enabled: 0
2026-09-13 19:32:38.028: [INFO] BookmarkModelLoaded, ids_reassigned: 0
2026-09-13 19:32:38.028: [INFO] BookmarksLoadDropped droppedNodes=0
2026-09-13 19:32:38.028: [INFO] BookmarksSnapshot Startup total=0 bar=0 other=0 mobile=0 showBar=0 showBarNTP=1
2026-09-13 19:33:41.613: [INFO] BookmarksSnapshot Shutdown total=0 bar=0 other=0 mobile=0 showBar=0 showBarNTP=1
2026-09-13 19:40:12.874: [INFO] CurrentProfilePath: D:\Проекты\BunnyBlack-main\bin\Debug\net8.0-windows\win-x64\BunnyBlack.exe.WebView2\EBWebView\Default
2026-09-13 19:40:12.874: [INFO] Profiles total count: 1
2026-09-13 19:40:12.874: [INFO] Profile: name=Профиль 1 path=D:\Проекты\BunnyBlack-main\bin\Debug\net8.0-windows\win-x64\BunnyBlack.exe.WebView2\EBWebView\Default lastActive=null
2026-09-13 19:40:12.874: [INFO] LastUsedProfileDir: D:\Проекты\BunnyBlack-main\bin\Debug\net8.0-windows\win-x64\BunnyBlack.exe.WebView2\EBWebView\Default
2026-09-13 19:40:12.874: [INFO] OnDoneLoading sync enabled: 0
2026-09-13 19:40:12.874: [INFO] BookmarkModelLoaded, ids_reassigned: 0
2026-09-13 19:40:12.874: [INFO] BookmarksLoadDropped droppedNodes=0
2026-09-13 19:40:12.874: [INFO] BookmarksSnapshot Startup total=0 bar=0 other=0 mobile=0 showBar=0 showBarNTP=1
2026-09-13 19:47:29.463: [INFO] BookmarksSnapshot Shutdown total=0 bar=0 other=0 mobile=0 showBar=0 showBarNTP=1
2026-09-13 19:51:00.276: [INFO] CurrentProfilePath: D:\Проекты\BunnyBlack-main\bin\Debug\net8.0-windows\win-x64\BunnyBlack.exe.WebView2\EBWebView\Default
2026-09-13 19:51:00.276: [INFO] Profiles total count: 1
2026-09-13 19:51:00.276: [INFO] Profile: name=Профиль 1 path=D:\Проекты\BunnyBlack-main\bin\Debug\net8.0-windows\win-x64\BunnyBlack.exe.WebView2\EBWebView\Default lastActive=null
2026-09-13 19:51:00.276: [INFO] LastUsedProfileDir: D:\Проекты\BunnyBlack-main\bin\Debug\net8.0-windows\win-x64\BunnyBlack.exe.WebView2\EBWebView\Default
2026-09-13 19:51:00.276: [INFO] OnDoneLoading sync enabled: 0
2026-09-13 19:51:00.276: [INFO] BookmarkModelLoaded, ids_reassigned: 0
2026-09-13 19:51:00.276: [INFO] BookmarksLoadDropped droppedNodes=0
2026-09-13 19:51:00.276: [INFO] BookmarksSnapshot Startup total=0 bar=0 other=0 mobile=0 showBar=0 showBarNTP=1
2026-09-13 19:51:41.119: [INFO] BookmarksSnapshot Shutdown total=0 bar=0 other=0 mobile=0 showBar=0 showBarNTP=1
2026-09-13 19:51:55.896: [INFO] CurrentProfilePath: D:\Проекты\BunnyBlack-main\bin\Debug\net8.0-windows\win-x64\BunnyBlack.exe.WebView2\EBWebView\Default
2026-09-13 19:51:55.896: [INFO] Profiles total count: 1
2026-09-13 19:51:55.896: [INFO] Profile: name=Профиль 1 path=D:\Проекты\BunnyBlack-main\bin\Debug\net8.0-windows\win-x64\BunnyBlack.exe.WebView2\EBWebView\Default lastActive=null
2026-09-13 19:51:55.896: [INFO] LastUsedProfileDir: D:\Проекты\BunnyBlack-main\bin\Debug\net8.0-windows\win-x64\BunnyBlack.exe.WebView2\EBWebView\Default
2026-09-13 19:51:55.896: [INFO] OnDoneLoading sync enabled: 0
2026-09-13 19:51:55.896: [INFO] BookmarkModelLoaded, ids_reassigned: 0
2026-09-13 19:51:55.896: [INFO] BookmarksLoadDropped droppedNodes=0
2026-09-13 19:51:55.896: [INFO] BookmarksSnapshot Startup total=0 bar=0 other=0 mobile=0 showBar=0 showBarNTP=1
2026-09-13 19:53:47.621: [INFO] BookmarksSnapshot Shutdown total=0 bar=0 other=0 mobile=0 showBar=0 showBarNTP=1
2026-09-13 19:54:18.404: [INFO] CurrentProfilePath: D:\Проекты\BunnyBlack-main\bin\Debug\net8.0-windows\win-x64\BunnyBlack.exe.WebView2\EBWebView\Default
2026-09-13 19:54:18.404: [INFO] Profiles total count: 1
2026-09-13 19:54:18.404: [INFO] Profile: name=Профиль 1 path=D:\Проекты\BunnyBlack-main\bin\Debug\net8.0-windows\win-x64\BunnyBlack.exe.WebView2\EBWebView\Default lastActive=null
2026-09-13 19:54:18.404: [INFO] LastUsedProfileDir: D:\Проекты\BunnyBlack-main\bin\Debug\net8.0-windows\win-x64\BunnyBlack.exe.WebView2\EBWebView\Default
2026-09-13 19:54:18.404: [INFO] OnDoneLoading sync enabled: 0
2026-09-13 19:54:18.404: [INFO] BookmarkModelLoaded, ids_reassigned: 0
2026-09-13 19:54:18.404: [INFO] BookmarksLoadDropped droppedNodes=0
2026-09-13 19:54:18.404: [INFO] BookmarksSnapshot Startup total=0 bar=0 other=0 mobile=0 showBar=0 showBarNTP=1
2026-09-13 19:57:48.083: [INFO] BookmarksSnapshot Shutdown total=0 bar=0 other=0 mobile=0 showBar=0 showBarNTP=1
