2026-09-13 20:00:02.091: [INFO] CurrentProfilePath: D:\Проекты\BunnyBlack-main\publish\singlefile\BunnyBlack.exe.WebView2\EBWebView\Default
2026-09-13 20:00:02.091: [INFO] Profiles total count: 1
2026-09-13 20:00:02.091: [INFO] Profile: name=Профиль 1 path=D:\Проекты\BunnyBlack-main\publish\singlefile\BunnyBlack.exe.WebView2\EBWebView\Default lastActive=null
2026-09-13 20:00:02.091: [INFO] LastUsedProfileDir: D:\Проекты\BunnyBlack-main\publish\singlefile\BunnyBlack.exe.WebView2\EBWebView\Default
2026-09-13 20:00:02.091: [INFO] OnDoneLoading sync enabled: 0
2026-09-13 20:00:02.091: [INFO] BookmarkModelLoaded, ids_reassigned: 0
2026-09-13 20:00:02.091: [INFO] BookmarksLoadDropped droppedNodes=0
2026-09-13 20:00:02.091: [INFO] BookmarksSnapshot Startup total=0 bar=0 other=0 mobile=0 showBar=0 showBarNTP=1
2026-09-13 20:00:37.546: [INFO] BookmarksSnapshot Shutdown total=0 bar=0 other=0 mobile=0 showBar=0 showBarNTP=1
2026-09-13 20:01:04.518: [INFO] CurrentProfilePath: D:\Проекты\BunnyBlack-main\publish\singlefile\BunnyBlack.exe.WebView2\EBWebView\Default
2026-09-13 20:01:04.518: [INFO] Profiles total count: 1
2026-09-13 20:01:04.518: [INFO] Profile: name=Профиль 1 path=D:\Проекты\BunnyBlack-main\publish\singlefile\BunnyBlack.exe.WebView2\EBWebView\Default lastActive=null
2026-09-13 20:01:04.518: [INFO] LastUsedProfileDir: D:\Проекты\BunnyBlack-main\publish\singlefile\BunnyBlack.exe.WebView2\EBWebView\Default
2026-09-13 20:01:04.518: [INFO] OnDoneLoading sync enabled: 0
2026-09-13 20:01:04.518: [INFO] BookmarkModelLoaded, ids_reassigned: 0
2026-09-13 20:01:04.518: [INFO] BookmarksLoadDropped droppedNodes=0
2026-09-13 20:01:04.518: [INFO] BookmarksSnapshot Startup total=0 bar=0 other=0 mobile=0 showBar=0 showBarNTP=1
2026-09-16 11:51:50.922: [INFO] CurrentProfilePath: D:\Проекты\BunnyBlack-main\publish\singlefile\BunnyBlack.exe.WebView2\EBWebView\Default
2026-09-16 11:51:50.922: [INFO] Profiles total count: 1
2026-09-16 11:51:50.922: [INFO] Profile: name=Профиль 1 path=D:\Проекты\BunnyBlack-main\publish\singlefile\BunnyBlack.exe.WebView2\EBWebView\Default lastActive=null
2026-09-16 11:51:50.922: [INFO] LastUsedProfileDir: D:\Проекты\BunnyBlack-main\publish\singlefile\BunnyBlack.exe.WebView2\EBWebView\Default
2026-09-16 11:51:50.922: [INFO] OnDoneLoading sync enabled: 0
2026-09-16 11:51:50.922: [INFO] BookmarkModelLoaded, ids_reassigned: 0
2026-09-16 11:51:50.922: [INFO] BookmarksLoadDropped droppedNodes=0
2026-09-16 11:51:50.922: [INFO] BookmarksSnapshot Startup total=0 bar=0 other=0 mobile=0 showBar=0 showBarNTP=1
